TIME = 2026-01-08 12:41:53
USER = UNKNOWN_USER
ANIMAL = UNKNOWN
PHASE = 0
SOURCE = behavioral_master_FINAL.py
--------------------------------------------------
  Traceback (most recent call last):
    File "c:\Users\Max\Documents\Classes\Gonzales Lab\Behavioral\Local\behavioral_master_FINAL.py", line 1049, in <module>
      link, session_data, cursor_thread, dev_mode = setup()
    File "c:\Users\Max\Documents\Classes\Gonzales Lab\Behavioral\Local\behavioral_master_FINAL.py", line 844, in setup
      raise RuntimeError("No Arduino detected")
  RuntimeError: No Arduino detected

TIME = 2026-01-08 14:45:44
USER = UNKNOWN_USER
ANIMAL = UNKNOWN
PHASE = 0
SOURCE = behavioral_master_FINAL.py
----------------------------------------
  Traceback (most recent call last):
    File "c:\Users\Max\Documents\Classes\Gonzales Lab\Behavioral\Local\behavioral_master_FINAL.py", line 1136, in <module>
      link, session_data, cursor_thread, dev_mode = setup()
    File "c:\Users\Max\Documents\Classes\Gonzales Lab\Behavioral\Local\behavioral_master_FINAL.py", line 931, in setup
      raise RuntimeError("No Arduino detected")
  RuntimeError: No Arduino detected

TIME = 2026-01-13 10:55:35
USER = MAX-LAPTOP
ANIMAL = UNKNOWN
PHASE = 0
SOURCE = behavioral_master.py
----------------------------------------
  Traceback (most recent call last):
    File "c:\Users\Max\Documents\Classes\Gonzales Lab\Behavioral\Local\behavioral_master.py", line 1114, in setup
      link.send_and_wait(phase_id)
    File "c:\Users\Max\Documents\Classes\Gonzales Lab\Behavioral\Local\behavioral_master.py", line 940, in send_and_wait
      raise TimeoutError(f"No ACK after sending: {text!r}")
  TimeoutError: No ACK after sending: '5'
  
  The above exception was the direct cause of the following exception:
  
  Traceback (most recent call last):
    File "c:\Users\Max\Documents\Classes\Gonzales Lab\Behavioral\Local\behavioral_master.py", line 1282, in <module>
      link, session_data, cursor, dev_mode = setup()
    File "c:\Users\Max\Documents\Classes\Gonzales Lab\Behavioral\Local\behavioral_master.py", line 1117, in setup
      raise RuntimeError(f"Failed to send training phase to Arduino: {e}") from e
  RuntimeError: Failed to send training phase to Arduino: No ACK after sending: '5'

